
> genesis-accounting@1.0.0 desktop:dist
> npm run build && electron-builder --win nsis


> genesis-accounting@1.0.0 build
> vite build

[36mvite v6.4.4 [32mbuilding for production...[36m[39m
transforming...
[32m✓[39m 1610 modules transformed.
rendering chunks...
computing gzip size...
[2mdist/[22m[32mindex.html                 [39m[1m[2m  0.87 kB[22m[1m[22m[2m │ gzip:   0.50 kB[22m
[2mdist/[22m[35massets/index-A2tuQi3r.css  [39m[1m[2m 32.21 kB[22m[1m[22m[2m │ gzip:   5.98 kB[22m
[2mdist/[22m[36massets/index-Dpr8C6tF.js   [39m[1m[2m444.89 kB[22m[1m[22m[2m │ gzip: 100.67 kB[22m
[32m✓ built in 3.87s[39m
  • electron-builder  version=25.1.8 os=10.0.20348
  • artifacts will be published if draft release exists  reason=CI detected
  • loaded configuration  file=package.json ("build" field)
  • executing @electron/rebuild  electronVersion=33.4.11 arch=x64 buildFromSource=false appDir=./
  • installing native dependencies  arch=x64
  • preparing       moduleName=better-sqlite3 arch=x64
  • finished        moduleName=better-sqlite3 arch=x64
  • completed installing native dependencies
  • packaging       platform=win32 arch=x64 electron=33.4.11 appOutDir=release\win-unpacked
  • downloading     url=https://github.com/electron/electron/releases/download/v33.4.11/electron-v33.4.11-win32-x64.zip size=115 MB parts=8
  • downloaded      url=https://github.com/electron/electron/releases/download/v33.4.11/electron-v33.4.11-win32-x64.zip duration=329ms
  • updating asar integrity executable resource  executablePath=release\win-unpacked\GENESIS.exe
  • downloading     url=https://github.com/electron-userland/electron-builder-binaries/releases/download/winCodeSign-2.6.0/winCodeSign-2.6.0.7z size=5.6 MB parts=1
  • downloaded      url=https://github.com/electron-userland/electron-builder-binaries/releases/download/winCodeSign-2.6.0/winCodeSign-2.6.0.7z duration=126ms
  • signing with signtool.exe  path=release\win-unpacked\GENESIS.exe
  • no signing info identified, signing is skipped  signHook=false cscInfo=null
  • building        target=nsis file=release\GENESIS-Setup-1.0.0.exe archs=x64 oneClick=false perMachine=false
  • downloading     url=https://github.com/electron-userland/electron-builder-binaries/releases/download/nsis-3.0.4.1/nsis-3.0.4.1.7z size=1.3 MB parts=1
  • downloaded      url=https://github.com/electron-userland/electron-builder-binaries/releases/download/nsis-3.0.4.1/nsis-3.0.4.1.7z duration=110ms
  • signing with signtool.exe  path=release\win-unpacked\resources\elevate.exe
  • no signing info identified, signing is skipped  signHook=false cscInfo=null
  • downloading     url=https://github.com/electron-userland/electron-builder-binaries/releases/download/nsis-resources-3.4.1/nsis-resources-3.4.1.7z size=731 kB parts=1
  • downloaded      url=https://github.com/electron-userland/electron-builder-binaries/releases/download/nsis-resources-3.4.1/nsis-resources-3.4.1.7z duration=226ms
  • signing with signtool.exe  path=release\__uninstaller-nsis-genesis-accounting.exe
  • no signing info identified, signing is skipped  signHook=false cscInfo=null
  • signing with signtool.exe  path=release\GENESIS-Setup-1.0.0.exe
  • no signing info identified, signing is skipped  signHook=false cscInfo=null
  • building block map  blockMapFile=release\GENESIS-Setup-1.0.0.exe.blockmap
