npm http fetch GET 200 https://registry.npmjs.org/compare-version/-/compare-version-0.1.2.tgz 2702ms (cache miss)
npm http fetch GET 200 https://registry.npmjs.org/@gar/promisify/-/promisify-1.1.3.tgz 2686ms (cache miss)
npm http fetch GET 200 https://registry.npmjs.org/cookie-signature/-/cookie-signature-1.0.7.tgz 2705ms (cache miss)
npm http fetch GET 200 https://registry.npmjs.org/cli-cursor/-/cli-cursor-3.1.0.tgz 2704ms (cache miss)
npm http fetch GET 200 https://registry.npmjs.org/@electron/notarize/-/notarize-2.5.0.tgz 2690ms (cache miss)
npm http fetch GET 200 https://registry.npmjs.org/aproba/-/aproba-2.1.0.tgz 2700ms (cache miss)
npm http fetch GET 200 https://registry.npmjs.org/archiver/-/archiver-5.3.2.tgz 2701ms (cache miss)
npm http fetch GET 200 https://registry.npmjs.org/arg/-/arg-5.0.2.tgz 2702ms (cache miss)
npm http fetch GET 200 https://registry.npmjs.org/anymatch/-/anymatch-3.1.3.tgz 2702ms (cache miss)
npm http fetch GET 200 https://registry.npmjs.org/@types/http-cache-semantics/-/http-cache-semantics-4.2.0.tgz 2699ms (cache miss)
npm http fetch GET 200 https://registry.npmjs.org/@types/fs-extra/-/fs-extra-9.0.13.tgz 2700ms (cache miss)
npm http fetch GET 200 https://registry.npmjs.org/@babel/helper-globals/-/helper-globals-7.29.7.tgz 2693ms (cache miss)
npm http fetch GET 200 https://registry.npmjs.org/@types/cacheable-request/-/cacheable-request-6.0.3.tgz 2702ms (cache miss)
npm http fetch GET 200 https://registry.npmjs.org/archiver-utils/-/archiver-utils-3.0.4.tgz 2694ms (cache miss)
npm http fetch GET 200 https://registry.npmjs.org/etag/-/etag-1.8.1.tgz 2726ms (cache miss)
npm http fetch GET 200 https://registry.npmjs.org/exponential-backoff/-/exponential-backoff-3.1.3.tgz 2731ms (cache miss)
npm http fetch GET 200 https://registry.npmjs.org/escalade/-/escalade-3.2.0.tgz 2731ms (cache miss)
npm http fetch GET 200 https://registry.npmjs.org/err-code/-/err-code-2.0.3.tgz 2738ms (cache miss)
npm http fetch GET 200 https://registry.npmjs.org/content-disposition/-/content-disposition-0.5.4.tgz 2729ms (cache miss)
npm http fetch GET 200 https://registry.npmjs.org/destroy/-/destroy-1.2.0.tgz 2735ms (cache miss)
npm http fetch GET 200 https://registry.npmjs.org/decompress-response/-/decompress-response-6.0.0.tgz 2732ms (cache miss)
npm http fetch GET 200 https://registry.npmjs.org/@types/estree/-/estree-1.0.9.tgz 2718ms (cache miss)
npm http fetch GET 200 https://registry.npmjs.org/ci-info/-/ci-info-3.9.0.tgz 2729ms (cache miss)
npm http fetch GET 200 https://registry.npmjs.org/async-exit-hook/-/async-exit-hook-2.0.1.tgz 2724ms (cache miss)
npm http fetch GET 200 https://registry.npmjs.org/camelcase-css/-/camelcase-css-2.0.1.tgz 2729ms (cache miss)
npm http fetch GET 200 https://registry.npmjs.org/ms/-/ms-2.0.0.tgz 2706ms (cache miss)
npm http fetch GET 200 https://registry.npmjs.org/universalify/-/universalify-2.0.1.tgz 2710ms (cache miss)
npm http fetch GET 200 https://registry.npmjs.org/base64-js/-/base64-js-1.5.1.tgz 2726ms (cache miss)
npm http fetch GET 200 https://registry.npmjs.org/asynckit/-/asynckit-0.4.0.tgz 2726ms (cache miss)
npm http fetch GET 200 https://registry.npmjs.org/are-we-there-yet/-/are-we-there-yet-3.0.1.tgz 2725ms (cache miss)
npm http fetch GET 200 https://registry.npmjs.org/at-least-node/-/at-least-node-1.0.0.tgz 2727ms (cache miss)
npm http fetch GET 200 https://registry.npmjs.org/brace-expansion/-/brace-expansion-2.1.7.tgz 2709ms (cache miss)
npm http fetch GET 200 https://registry.npmjs.org/ansi-styles/-/ansi-styles-4.3.0.tgz 2726ms (cache miss)
npm http fetch GET 200 https://registry.npmjs.org/@types/ms/-/ms-2.1.0.tgz 2724ms (cache miss)
npm http fetch GET 200 https://registry.npmjs.org/mime-db/-/mime-db-1.52.0.tgz 2765ms (cache miss)
npm http fetch GET 200 https://registry.npmjs.org/is-core-module/-/is-core-module-2.17.0.tgz 2758ms (cache miss)
npm http fetch GET 200 https://registry.npmjs.org/balanced-match/-/balanced-match-1.0.2.tgz 2717ms (cache miss)
npm http fetch GET 200 https://registry.npmjs.org/minimatch/-/minimatch-5.1.9.tgz 2718ms (cache miss)
npm http fetch GET 200 https://registry.npmjs.org/ipaddr.js/-/ipaddr.js-1.9.1.tgz 2762ms (cache miss)
npm http fetch GET 200 https://registry.npmjs.org/@tootallnate/once/-/once-2.0.1.tgz 2730ms (cache miss)
npm http fetch GET 200 https://registry.npmjs.org/@rolldown/pluginutils/-/pluginutils-1.0.0-beta.27.tgz 2729ms (cache miss)
npm http fetch GET 200 https://registry.npmjs.org/@types/babel__generator/-/babel__generator-7.27.0.tgz 2732ms (cache miss)
npm http fetch GET 200 https://registry.npmjs.org/@types/babel__core/-/babel__core-7.20.5.tgz 2732ms (cache miss)
npm http fetch GET 200 https://registry.npmjs.org/@npmcli/move-file/-/move-file-2.0.1.tgz 2730ms (cache miss)
npm http fetch GET 200 https://registry.npmjs.org/@nodelib/fs.scandir/-/fs.scandir-2.1.5.tgz 2731ms (cache miss)
npm http fetch GET 200 https://registry.npmjs.org/env-paths/-/env-paths-2.2.1.tgz 2759ms (cache miss)
npm http fetch GET 200 https://registry.npmjs.org/http-proxy-agent/-/http-proxy-agent-5.0.0.tgz 2722ms (cache miss)
npm http fetch GET 200 https://registry.npmjs.org/string_decoder/-/string_decoder-1.1.1.tgz 2724ms (cache miss)
npm http fetch GET 200 https://registry.npmjs.org/@jridgewell/resolve-uri/-/resolve-uri-3.1.2.tgz 2735ms (cache miss)
npm http fetch GET 200 https://registry.npmjs.org/@isaacs/cliui/-/cliui-8.0.2.tgz 2736ms (cache miss)
npm http fetch GET 200 https://registry.npmjs.org/content-type/-/content-type-1.0.5.tgz 2755ms (cache miss)
npm http fetch GET 200 https://registry.npmjs.org/@types/debug/-/debug-4.1.13.tgz 2745ms (cache miss)
npm http fetch GET 200 https://registry.npmjs.org/@babel/helper-validator-option/-/helper-validator-option-7.29.7.tgz 2737ms (cache miss)
npm http fetch GET 200 https://registry.npmjs.org/@babel/helper-plugin-utils/-/helper-plugin-utils-7.29.7.tgz 2737ms (cache miss)
npm http fetch GET 200 https://registry.npmjs.org/lru-cache/-/lru-cache-6.0.0.tgz 2731ms (cache miss)
npm http fetch GET 200 https://registry.npmjs.org/@babel/code-frame/-/code-frame-7.29.7.tgz 2739ms (cache miss)
npm http fetch GET 200 https://registry.npmjs.org/@types/babel__traverse/-/babel__traverse-7.28.0.tgz 2748ms (cache miss)
npm warn deprecated @npmcli/move-file@2.0.1: This functionality has been moved to @npmcli/fs
npm http fetch GET 200 https://registry.npmjs.org/@types/babel__template/-/babel__template-7.4.4.tgz 2750ms (cache miss)
npm http fetch GET 200 https://registry.npmjs.org/glob/-/glob-7.2.3.tgz 2779ms (cache miss)
npm http fetch GET 200 https://registry.npmjs.org/@nodelib/fs.stat/-/fs.stat-2.0.5.tgz 2748ms (cache miss)
npm http fetch GET 200 https://registry.npmjs.org/signal-exit/-/signal-exit-4.1.0.tgz 2737ms (cache miss)
npm http fetch GET 200 https://registry.npmjs.org/@types/verror/-/verror-1.10.11.tgz 2754ms (cache miss)
npm http fetch GET 200 https://registry.npmjs.org/jsonfile/-/jsonfile-6.2.1.tgz 2744ms (cache miss)
npm http fetch GET 200 https://registry.npmjs.org/cookie/-/cookie-0.7.2.tgz 2769ms (cache miss)
npm http fetch GET 200 https://registry.npmjs.org/agent-base/-/agent-base-6.0.2.tgz 2742ms (cache miss)
npm http fetch GET 200 https://registry.npmjs.org/assert-plus/-/assert-plus-1.0.0.tgz 2764ms (cache miss)
npm http fetch GET 200 https://registry.npmjs.org/@babel/plugin-transform-react-jsx-source/-/plugin-transform-react-jsx-source-7.29.7.tgz 2755ms (cache miss)
npm http fetch GET 200 https://registry.npmjs.org/mimic-response/-/mimic-response-3.1.0.tgz 2743ms (cache miss)
npm http fetch GET 200 https://registry.npmjs.org/string-width/-/string-width-5.1.2.tgz 2748ms (cache miss)
npm http fetch GET 200 https://registry.npmjs.org/brace-expansion/-/brace-expansion-1.1.21.tgz 2757ms (cache miss)
npm http fetch GET 200 https://registry.npmjs.org/object-keys/-/object-keys-1.1.1.tgz 2817ms (cache miss)
npm http fetch GET 200 https://registry.npmjs.org/ansi-styles/-/ansi-styles-6.2.3.tgz 2754ms (cache miss)
npm http fetch GET 200 https://registry.npmjs.org/extract-zip/-/extract-zip-2.0.1.tgz 2801ms (cache miss)
npm http fetch GET 200 https://registry.npmjs.org/negotiator/-/negotiator-0.6.3.tgz 2819ms (cache miss)
npm http fetch GET 200 https://registry.npmjs.org/yallist/-/yallist-4.0.0.tgz 2769ms (cache miss)
npm http fetch GET 200 https://registry.npmjs.org/is-ci/-/is-ci-3.0.1.tgz 2758ms (cache miss)
npm http fetch GET 200 https://registry.npmjs.org/jsonfile/-/jsonfile-6.2.1.tgz 2767ms (cache miss)
npm http fetch GET 200 https://registry.npmjs.org/jsonfile/-/jsonfile-6.2.1.tgz 2767ms (cache miss)
npm http fetch GET 200 https://registry.npmjs.org/jsonfile/-/jsonfile-6.2.1.tgz 2767ms (cache miss)
npm http fetch GET 200 https://registry.npmjs.org/jsonfile/-/jsonfile-6.2.1.tgz 2766ms (cache miss)
npm http fetch GET 200 https://registry.npmjs.org/jsonfile/-/jsonfile-6.2.1.tgz 2764ms (cache miss)
npm warn deprecated glob@7.2.3: Old versions of glob are not supported, and contain widely publicized security vulnerabilities, which have been fixed in the current version. Please update. Support for old versions may be purchased (at exorbitant rates) by contacting i@izs.me
npm http fetch GET 200 https://registry.npmjs.org/jsonfile/-/jsonfile-6.2.1.tgz 2760ms (cache miss)
npm http fetch GET 200 https://registry.npmjs.org/jsonfile/-/jsonfile-6.2.1.tgz 2760ms (cache miss)
npm http fetch GET 200 https://registry.npmjs.org/jsonfile/-/jsonfile-6.2.1.tgz 2760ms (cache miss)
npm http fetch GET 200 https://registry.npmjs.org/jsonfile/-/jsonfile-6.2.1.tgz 2758ms (cache miss)
npm http fetch GET 200 https://registry.npmjs.org/agent-base/-/agent-base-6.0.2.tgz 2776ms (cache miss)
npm http fetch GET 200 https://registry.npmjs.org/universalify/-/universalify-2.0.1.tgz 2776ms (cache miss)
npm http fetch GET 200 https://registry.npmjs.org/universalify/-/universalify-2.0.1.tgz 2777ms (cache miss)
npm http fetch GET 200 https://registry.npmjs.org/universalify/-/universalify-2.0.1.tgz 2775ms (cache miss)
npm http fetch GET 200 https://registry.npmjs.org/universalify/-/universalify-2.0.1.tgz 2772ms (cache miss)
npm http fetch GET 200 https://registry.npmjs.org/universalify/-/universalify-2.0.1.tgz 2774ms (cache miss)
npm http fetch GET 200 https://registry.npmjs.org/universalify/-/universalify-2.0.1.tgz 2777ms (cache miss)
npm http fetch GET 200 https://registry.npmjs.org/universalify/-/universalify-2.0.1.tgz 2770ms (cache miss)
npm http fetch GET 200 https://registry.npmjs.org/universalify/-/universalify-2.0.1.tgz 2769ms (cache miss)
npm http fetch GET 200 https://registry.npmjs.org/universalify/-/universalify-2.0.1.tgz 2770ms (cache miss)
npm http fetch GET 200 https://registry.npmjs.org/ms/-/ms-2.0.0.tgz 2779ms (cache miss)
npm http fetch GET 200 https://registry.npmjs.org/ms/-/ms-2.0.0.tgz 2774ms (cache miss)
npm http fetch GET 200 https://registry.npmjs.org/ms/-/ms-2.0.0.tgz 2778ms (cache miss)
npm http fetch GET 200 https://registry.npmjs.org/universalify/-/universalify-2.0.1.tgz 2767ms (cache miss)
npm http fetch GET 200 https://registry.npmjs.org/universalify/-/universalify-2.0.1.tgz 2773ms (cache miss)
npm http fetch GET 200 https://registry.npmjs.org/brace-expansion/-/brace-expansion-2.1.7.tgz 2779ms (cache miss)
npm http fetch GET 200 https://registry.npmjs.org/brace-expansion/-/brace-expansion-2.1.7.tgz 2776ms (cache miss)
npm http fetch GET 200 https://registry.npmjs.org/brace-expansion/-/brace-expansion-2.1.7.tgz 2771ms (cache miss)
npm http fetch GET 200 https://registry.npmjs.org/glob-parent/-/glob-parent-5.1.2.tgz 2782ms (cache miss)
npm http fetch GET 200 https://registry.npmjs.org/balanced-match/-/balanced-match-1.0.2.tgz 2783ms (cache miss)
npm http fetch GET 200 https://registry.npmjs.org/balanced-match/-/balanced-match-1.0.2.tgz 2783ms (cache miss)
npm http fetch GET 200 https://registry.npmjs.org/balanced-match/-/balanced-match-1.0.2.tgz 2780ms (cache miss)
npm http fetch GET 200 https://registry.npmjs.org/balanced-match/-/balanced-match-1.0.2.tgz 2781ms (cache miss)
npm http fetch GET 200 https://registry.npmjs.org/balanced-match/-/balanced-match-1.0.2.tgz 2779ms (cache miss)
npm http fetch GET 200 https://registry.npmjs.org/balanced-match/-/balanced-match-1.0.2.tgz 2774ms (cache miss)
npm http fetch GET 200 https://registry.npmjs.org/balanced-match/-/balanced-match-1.0.2.tgz 2772ms (cache miss)
npm http fetch GET 200 https://registry.npmjs.org/minimatch/-/minimatch-3.1.5.tgz 2783ms (cache miss)
npm http fetch GET 200 https://registry.npmjs.org/@alloc/quick-lru/-/quick-lru-5.3.0.tgz 2794ms (cache miss)
npm http fetch GET 200 https://registry.npmjs.org/mz/-/mz-2.7.0.tgz 2843ms (cache miss)
npm http fetch GET 200 https://registry.npmjs.org/string_decoder/-/string_decoder-1.1.1.tgz 2785ms (cache miss)
npm http fetch GET 200 https://registry.npmjs.org/extract-zip 2523ms (cache miss)
npm http fetch GET 200 https://registry.npmjs.org/cli-spinners/-/cli-spinners-2.9.2.tgz 2822ms (cache miss)
npm http fetch GET 200 https://registry.npmjs.org/ansi-regex/-/ansi-regex-6.4.0.tgz 2789ms (cache miss)
npm http fetch GET 200 https://registry.npmjs.org/wrap-ansi/-/wrap-ansi-8.1.0.tgz 2793ms (cache miss)
npm http fetch GET 200 https://registry.npmjs.org/strip-ansi/-/strip-ansi-7.2.0.tgz 2794ms (cache miss)
npm http fetch GET 200 https://registry.npmjs.org/yallist/-/yallist-4.0.0.tgz 2804ms (cache miss)
npm http fetch GET 200 https://registry.npmjs.org/yallist/-/yallist-4.0.0.tgz 2804ms (cache miss)
npm http fetch GET 200 https://registry.npmjs.org/yallist/-/yallist-4.0.0.tgz 2803ms (cache miss)
npm http fetch GET 200 https://registry.npmjs.org/yargs-parser/-/yargs-parser-21.1.1.tgz 2900ms (cache miss)
npm http fetch GET 200 https://registry.npmjs.org/braces 2538ms (cache miss)
npm http fetch GET 200 https://registry.npmjs.org/sprintf-js 2538ms (cache miss)
npm http fetch GET 200 https://registry.npmjs.org/brace-expansion/-/brace-expansion-1.1.21.tgz 2806ms (cache miss)
npm http fetch GET 200 https://registry.npmjs.org/brace-expansion/-/brace-expansion-1.1.21.tgz 2798ms (cache miss)
npm http fetch GET 200 https://registry.npmjs.org/@babel/plugin-transform-react-jsx-self/-/plugin-transform-react-jsx-self-7.29.7.tgz 2819ms (cache miss)
npm http fetch GET 200 https://registry.npmjs.org/safe-buffer/-/safe-buffer-5.1.2.tgz 2811ms (cache miss)
npm http fetch GET 200 https://registry.npmjs.org/glob-parent/-/glob-parent-5.1.2.tgz 2810ms (cache miss)
npm http fetch GET 200 https://registry.npmjs.org/reusify/-/reusify-1.1.0.tgz 2885ms (cache miss)
npm http fetch GET 200 https://registry.npmjs.org/sumchecker/-/sumchecker-3.0.1.tgz 2895ms (cache miss)
npm http fetch GET 200 https://registry.npmjs.org/depd/-/depd-2.0.0.tgz 2857ms (cache miss)
npm http fetch GET 200 https://registry.npmjs.org/buffer/-/buffer-5.7.1.tgz 2848ms (cache miss)
npm http fetch GET 200 https://registry.npmjs.org/@babel/helper-string-parser/-/helper-string-parser-7.29.7.tgz 2833ms (cache miss)
npm http fetch GET 200 https://registry.npmjs.org/brace-expansion/-/brace-expansion-2.1.7.tgz 2826ms (cache miss)
npm http fetch GET 200 https://registry.npmjs.org/jsonfile/-/jsonfile-6.2.1.tgz 2826ms (cache miss)
npm http fetch GET 200 https://registry.npmjs.org/jsonfile/-/jsonfile-6.2.1.tgz 2825ms (cache miss)
npm http fetch GET 200 https://registry.npmjs.org/safe-buffer/-/safe-buffer-5.1.2.tgz 2828ms (cache miss)
npm http fetch GET 200 https://registry.npmjs.org/minimatch/-/minimatch-3.1.5.tgz 2823ms (cache miss)
npm http fetch GET 200 https://registry.npmjs.org/minimatch/-/minimatch-3.1.5.tgz 2834ms (cache miss)
npm http fetch GET 200 https://registry.npmjs.org/commander/-/commander-4.1.1.tgz 2873ms (cache miss)
npm http fetch GET 200 https://registry.npmjs.org/json-stringify-safe/-/json-stringify-safe-5.0.1.tgz 2896ms (cache miss)
npm http fetch GET 200 https://registry.npmjs.org/postcss-selector-parser 2582ms (cache miss)
npm http fetch GET 200 https://registry.npmjs.org/isbinaryfile/-/isbinaryfile-4.0.10.tgz 2844ms (cache miss)
npm http fetch GET 200 https://registry.npmjs.org/picomatch/-/picomatch-2.3.2.tgz 2921ms (cache miss)
npm http fetch GET 200 https://registry.npmjs.org/minipass/-/minipass-5.0.0.tgz 2875ms (cache miss)
npm http fetch GET 200 https://registry.npmjs.org/json-schema-traverse/-/json-schema-traverse-0.4.1.tgz 2919ms (cache miss)
npm http fetch GET 200 https://registry.npmjs.org/chalk/-/chalk-4.1.2.tgz 2901ms (cache miss)
npm http fetch GET 200 https://registry.npmjs.org/glob/-/glob-8.1.0.tgz 2873ms (cache miss)
npm http fetch GET 200 https://registry.npmjs.org/minimatch/-/minimatch-5.1.9.tgz 2879ms (cache miss)
npm http fetch GET 200 https://registry.npmjs.org/fd-slicer/-/fd-slicer-1.1.0.tgz 2923ms (cache miss)
npm http fetch GET 200 https://registry.npmjs.org/minimatch/-/minimatch-5.1.9.tgz 2879ms (cache miss)
npm http fetch GET 200 https://registry.npmjs.org/http-proxy-agent/-/http-proxy-agent-7.0.2.tgz 2931ms (cache miss)
npm http fetch GET 200 https://registry.npmjs.org/smart-buffer/-/smart-buffer-4.2.0.tgz 2958ms (cache miss)
npm http fetch GET 200 https://registry.npmjs.org/get-intrinsic/-/get-intrinsic-1.3.0.tgz 2931ms (cache miss)
npm http fetch GET 200 https://registry.npmjs.org/builder-util-runtime 2627ms (cache miss)
npm warn deprecated glob@8.1.0: Old versions of glob are not supported, and contain widely publicized security vulnerabilities, which have been fixed in the current version. Please update. Support for old versions may be purchased (at exorbitant rates) by contacting i@izs.me
npm http fetch GET 200 https://registry.npmjs.org/lru-cache/-/lru-cache-7.18.3.tgz 2909ms (cache miss)
npm http fetch GET 200 https://registry.npmjs.org/debug/-/debug-4.4.3.tgz 2939ms (cache miss)
npm http fetch GET 200 https://registry.npmjs.org/postcss-import/-/postcss-import-15.1.0.tgz 2975ms (cache miss)
npm http fetch GET 200 https://registry.npmjs.org/@malept/cross-spawn-promise/-/cross-spawn-promise-2.0.0.tgz 2926ms (cache miss)
npm http fetch GET 200 https://registry.npmjs.org/form-data/-/form-data-4.0.6.tgz 2960ms (cache miss)
npm http fetch GET 200 https://registry.npmjs.org/@sindresorhus/is/-/is-4.6.0.tgz 2933ms (cache miss)
npm http fetch GET 200 https://registry.npmjs.org/tar 2653ms (cache miss)
npm http fetch GET 200 https://registry.npmjs.org/fdir/-/fdir-6.5.0.tgz 2944ms (cache miss)
npm http fetch GET 200 https://registry.npmjs.org/fdir/-/fdir-6.5.0.tgz 2943ms (cache miss)
npm http fetch GET 200 https://registry.npmjs.org/commander/-/commander-5.1.0.tgz 2928ms (cache miss)
npm http fetch GET 200 https://registry.npmjs.org/lru-cache/-/lru-cache-7.18.3.tgz 2935ms (cache miss)
npm http fetch GET 200 https://registry.npmjs.org/esbuild/-/esbuild-0.25.12.tgz 2979ms (cache miss)
npm http fetch GET 200 https://registry.npmjs.org/argparse/-/argparse-2.0.1.tgz 2962ms (cache miss)
npm http fetch GET 200 https://registry.npmjs.org/lazystream/-/lazystream-1.0.1.tgz 2995ms (cache miss)
npm http fetch GET 200 https://registry.npmjs.org/crc-32/-/crc-32-1.2.2.tgz 2980ms (cache miss)
npm http fetch GET 200 https://registry.npmjs.org/chokidar/-/chokidar-3.6.0.tgz 3001ms (cache miss)
npm warn deprecated are-we-there-yet@3.0.1: This package is no longer supported.
npm http fetch GET 200 https://registry.npmjs.org/@vitejs/plugin-react/-/plugin-react-4.7.0.tgz 3009ms (cache miss)
npm http fetch GET 200 https://registry.npmjs.org/minipass-fetch/-/minipass-fetch-2.1.2.tgz 3049ms (cache miss)
npm http fetch GET 200 https://registry.npmjs.org/mime/-/mime-1.6.0.tgz 3072ms (cache miss)
npm http fetch GET 200 https://registry.npmjs.org/define-data-property/-/define-data-property-1.1.4.tgz 3052ms (cache miss)
npm http fetch GET 200 https://registry.npmjs.org/simple-update-notifier/-/simple-update-notifier-2.0.0.tgz 3093ms (cache miss)
npm http fetch GET 200 https://registry.npmjs.org/browserslist/-/browserslist-4.29.3.tgz 3057ms (cache miss)
npm http fetch GET 200 https://registry.npmjs.org/bl/-/bl-4.1.0.tgz 3061ms (cache miss)
npm http fetch GET 200 https://registry.npmjs.org/electron-builder-squirrel-windows/-/electron-builder-squirrel-windows-25.1.8.tgz 3078ms (cache miss)
npm http fetch GET 200 https://registry.npmjs.org/@babel/helper-validator-identifier/-/helper-validator-identifier-7.29.7.tgz 3050ms (cache miss)
npm http fetch GET 200 https://registry.npmjs.org/mime/-/mime-2.6.0.tgz 3042ms (cache miss)
npm http fetch GET 200 https://registry.npmjs.org/extsprintf/-/extsprintf-1.4.1.tgz 3085ms (cache miss)
npm http fetch GET 200 https://registry.npmjs.org/fast-deep-equal/-/fast-deep-equal-3.1.3.tgz 3085ms (cache miss)
npm http fetch GET 200 https://registry.npmjs.org/ejs/-/ejs-3.1.10.tgz 3109ms (cache miss)
npm http fetch GET 200 https://registry.npmjs.org/retry/-/retry-0.12.0.tgz 3143ms (cache miss)
npm http fetch GET 200 https://registry.npmjs.org/baseline-browser-mapping/-/baseline-browser-mapping-2.11.28.tgz 3175ms (cache miss)
npm http fetch GET 200 https://registry.npmjs.org/picomatch/-/picomatch-4.0.7.tgz 3159ms (cache miss)
npm http fetch GET 200 https://registry.npmjs.org/scheduler/-/scheduler-0.23.2.tgz 3224ms (cache miss)
npm http fetch GET 200 https://registry.npmjs.org/picomatch/-/picomatch-4.0.7.tgz 3160ms (cache miss)
npm http fetch GET 200 https://registry.npmjs.org/dotenv/-/dotenv-16.6.1.tgz 3197ms (cache miss)
npm http fetch GET 200 https://registry.npmjs.org/body-parser/-/body-parser-1.20.8.tgz 3189ms (cache miss)
npm http fetch GET 200 https://registry.npmjs.org/electron-to-chromium/-/electron-to-chromium-1.5.451.tgz 3204ms (cache miss)
npm http fetch GET 200 https://registry.npmjs.org/https-proxy-agent/-/https-proxy-agent-7.0.6.tgz 3213ms (cache miss)
npm http fetch GET 200 https://registry.npmjs.org/fastq/-/fastq-1.20.3.tgz 3223ms (cache miss)
npm http fetch GET 200 https://registry.npmjs.org/@babel/helper-module-imports/-/helper-module-imports-7.29.7.tgz 3195ms (cache miss)
npm http fetch GET 200 https://registry.npmjs.org/https-proxy-agent/-/https-proxy-agent-5.0.1.tgz 3193ms (cache miss)
npm http fetch GET 200 https://registry.npmjs.org/source-map-js/-/source-map-js-1.2.2.tgz 3272ms (cache miss)
npm http fetch GET 200 https://registry.npmjs.org/has-symbols/-/has-symbols-1.1.0.tgz 3245ms (cache miss)
npm http fetch GET 200 https://registry.npmjs.org/agent-base/-/agent-base-7.1.4.tgz 3222ms (cache miss)
npm http fetch GET 200 https://registry.npmjs.org/config-file-ts/-/config-file-ts-0.2.8-rc1.tgz 3236ms (cache miss)
npm http fetch GET 200 https://registry.npmjs.org/@babel/compat-data/-/compat-data-7.29.7.tgz 3269ms (cache miss)
npm http fetch GET 200 https://registry.npmjs.org/http2-wrapper/-/http2-wrapper-1.0.3.tgz 3311ms (cache miss)
npm http fetch GET 200 https://registry.npmjs.org/make-fetch-happen/-/make-fetch-happen-10.2.1.tgz 3324ms (cache miss)
npm http fetch GET 200 https://registry.npmjs.org/emoji-regex/-/emoji-regex-9.2.2.tgz 3272ms (cache miss)
npm http fetch GET 200 https://registry.npmjs.org/debug/-/debug-2.6.9.tgz 3284ms (cache miss)
npm http fetch GET 200 https://registry.npmjs.org/node-addon-api/-/node-addon-api-8.9.2.tgz 3337ms (cache miss)
npm http fetch GET 200 https://registry.npmjs.org/electron-publish/-/electron-publish-25.1.7.tgz 3320ms (cache miss)
npm http fetch GET 200 https://registry.npmjs.org/debug/-/debug-2.6.9.tgz 3284ms (cache miss)
npm http fetch GET 200 https://registry.npmjs.org/debug/-/debug-2.6.9.tgz 3287ms (cache miss)
npm http fetch GET 200 https://registry.npmjs.org/@develar/schema-utils/-/schema-utils-2.6.5.tgz 3299ms (cache miss)
npm http fetch GET 200 https://registry.npmjs.org/debug/-/debug-2.6.9.tgz 3288ms (cache miss)
npm http fetch GET 200 https://registry.npmjs.org/app-builder-lib 3034ms (cache miss)
npm http fetch GET 200 https://registry.npmjs.org/@pkgjs/parseargs/-/parseargs-0.11.0.tgz 3349ms (cache miss)
npm http fetch GET 200 https://registry.npmjs.org/brace-expansion/-/brace-expansion-5.0.12.tgz 3361ms (cache miss)
npm http fetch GET 200 https://registry.npmjs.org/react/-/react-18.3.1.tgz 3416ms (cache miss)
npm http fetch GET 200 https://registry.npmjs.org/path-scurry/-/path-scurry-1.11.1.tgz 3415ms (cache miss)
npm http fetch GET 200 https://registry.npmjs.org/qs/-/qs-6.16.0.tgz 3420ms (cache miss)
npm http fetch GET 200 https://registry.npmjs.org/gauge/-/gauge-4.0.4.tgz 3403ms (cache miss)
npm http fetch GET 200 https://registry.npmjs.org/electron/-/electron-33.4.11.tgz 3400ms (cache miss)
npm http fetch GET 200 https://registry.npmjs.org/@babel/helper-compilation-targets/-/helper-compilation-targets-7.29.7.tgz 3376ms (cache miss)
npm warn deprecated boolean@3.2.0: Package no longer supported. Contact Support at https://www.npmjs.com/support for more info.
npm warn deprecated gauge@4.0.4: This package is no longer supported.
npm http fetch GET 200 https://registry.npmjs.org/compress-commons/-/compress-commons-4.1.2.tgz 3397ms (cache miss)
npm http fetch GET 200 https://registry.npmjs.org/@babel/helper-module-transforms/-/helper-module-transforms-7.29.7.tgz 3391ms (cache miss)
npm http fetch GET 200 https://registry.npmjs.org/@xmldom/xmldom/-/xmldom-0.9.12.tgz 3409ms (cache miss)
npm http fetch GET 200 https://registry.npmjs.org/express/-/express-4.22.3.tgz 3433ms (cache miss)
npm http fetch GET 200 https://registry.npmjs.org/plist/-/plist-3.1.1.tgz 3467ms (cache miss)
npm http fetch GET 200 https://registry.npmjs.org/minimist/-/minimist-1.2.8.tgz 3458ms (cache miss)
npm http fetch GET 200 https://registry.npmjs.org/json5/-/json5-2.2.3.tgz 3456ms (cache miss)
npm http fetch GET 200 https://registry.npmjs.org/@babel/template/-/template-7.29.7.tgz 3416ms (cache miss)
npm http fetch GET 200 https://registry.npmjs.org/fraction.js/-/fraction.js-5.3.4.tgz 3448ms (cache miss)
npm http fetch GET 200 https://registry.npmjs.org/minipass/-/minipass-7.1.3.tgz 3429ms (cache miss)
npm http fetch GET 200 https://registry.npmjs.org/cacache/-/cacache-16.1.3.tgz 3452ms (cache miss)
npm http fetch GET 200 https://registry.npmjs.org/minipass/-/minipass-7.1.3.tgz 3424ms (cache miss)
npm http fetch GET 200 https://registry.npmjs.org/type-fest/-/type-fest-0.13.1.tgz 3525ms (cache miss)
npm http fetch GET 200 https://registry.npmjs.org/undici-types/-/undici-types-6.21.0.tgz 3546ms (cache miss)
npm http fetch GET 200 https://registry.npmjs.org/source-map/-/source-map-0.6.1.tgz 3532ms (cache miss)
npm http fetch GET 200 https://registry.npmjs.org/readable-stream/-/readable-stream-2.3.8.tgz 3475ms (cache miss)
npm http fetch GET 200 https://registry.npmjs.org/readable-stream/-/readable-stream-2.3.8.tgz 3472ms (cache miss)
npm http fetch GET 200 https://registry.npmjs.org/@npmcli/fs/-/fs-2.1.2.tgz 3502ms (cache miss)
npm http fetch GET 200 https://registry.npmjs.org/readable-stream/-/readable-stream-3.6.2.tgz 3571ms (cache miss)
npm http fetch GET 200 https://registry.npmjs.org/tar/-/tar-6.2.1.tgz 3583ms (cache miss)
npm warn deprecated tar@6.2.1: Old versions of tar are not supported, and contain widely publicized security vulnerabilities, which have been fixed in the current version. Please update. Support for old versions may be purchased (at exorbitant rates) by contacting i@izs.me
npm http fetch GET 200 https://registry.npmjs.org/roarr/-/roarr-2.15.4.tgz 3601ms (cache miss)
npm http fetch GET 200 https://registry.npmjs.org/jackspeak/-/jackspeak-3.4.3.tgz 3585ms (cache miss)
npm http fetch GET 200 https://registry.npmjs.org/object-inspect/-/object-inspect-1.13.4.tgz 3594ms (cache miss)
npm http fetch GET 200 https://registry.npmjs.org/electron-builder/-/electron-builder-25.1.8.tgz 3578ms (cache miss)
npm http fetch GET 200 https://registry.npmjs.org/@electron/asar/-/asar-3.4.1.tgz 3574ms (cache miss)
npm http fetch GET 200 https://registry.npmjs.org/@babel/parser/-/parser-7.29.9.tgz 3576ms (cache miss)
npm http fetch GET 200 https://registry.npmjs.org/@rollup/rollup-win32-x64-gnu/-/rollup-win32-x64-gnu-4.64.3.tgz 3589ms (cache miss)
npm http fetch GET 200 https://registry.npmjs.org/iconv-lite/-/iconv-lite-0.4.24.tgz 3623ms (cache miss)
npm http fetch GET 200 https://registry.npmjs.org/lru-cache/-/lru-cache-10.4.3.tgz 3589ms (cache miss)
npm http fetch GET 200 https://registry.npmjs.org/electron 3326ms (cache miss)
npm http fetch GET 200 https://registry.npmjs.org/@jridgewell/remapping/-/remapping-2.3.5.tgz 4331ms (cache miss)
npm http fetch GET 200 https://registry.npmjs.org/@jridgewell/gen-mapping/-/gen-mapping-0.3.13.tgz 4334ms (cache miss)
npm http fetch GET 200 https://registry.npmjs.org/@jridgewell/sourcemap-codec/-/sourcemap-codec-1.6.0.tgz 4395ms (cache miss)
npm http fetch GET 200 https://registry.npmjs.org/socks/-/socks-2.8.10.tgz 4465ms (cache miss)
npm http fetch GET 200 https://registry.npmjs.org/tailwind-merge/-/tailwind-merge-2.6.1.tgz 4505ms (cache miss)
npm http fetch GET 200 https://registry.npmjs.org/builder-util/-/builder-util-25.1.7.tgz 4455ms (cache miss)
npm http fetch GET 200 https://registry.npmjs.org/jiti/-/jiti-1.21.7.tgz 4511ms (cache miss)
npm http fetch GET 200 https://registry.npmjs.org/ajv-keywords/-/ajv-keywords-3.5.2.tgz 4513ms (cache miss)
npm http fetch GET 200 https://registry.npmjs.org/@rollup/rollup-win32-x64-msvc/-/rollup-win32-x64-msvc-4.64.3.tgz 4546ms (cache miss)
npm http fetch GET 200 https://registry.npmjs.org/ip-address/-/ip-address-10.7.3.tgz 4581ms (cache miss)
npm http fetch GET 200 https://registry.npmjs.org/fs-extra/-/fs-extra-10.1.0.tgz 4559ms (cache miss)
npm http fetch GET 200 https://registry.npmjs.org/fs-extra/-/fs-extra-10.1.0.tgz 4557ms (cache miss)
npm http fetch GET 200 https://registry.npmjs.org/dmg-builder/-/dmg-builder-25.1.8.tgz 4595ms (cache miss)
npm http fetch GET 200 https://registry.npmjs.org/fs-extra/-/fs-extra-10.1.0.tgz 4558ms (cache miss)
npm http fetch GET 200 https://registry.npmjs.org/fs-extra/-/fs-extra-10.1.0.tgz 4571ms (cache miss)
npm http fetch GET 200 https://registry.npmjs.org/fs-extra/-/fs-extra-10.1.0.tgz 4570ms (cache miss)
npm http fetch GET 200 https://registry.npmjs.org/fs-extra/-/fs-extra-10.1.0.tgz 4569ms (cache miss)
npm http fetch GET 200 https://registry.npmjs.org/fs-extra/-/fs-extra-10.1.0.tgz 4565ms (cache miss)
npm http fetch GET 200 https://registry.npmjs.org/fs-extra/-/fs-extra-10.1.0.tgz 4570ms (cache miss)
npm http fetch GET 200 https://registry.npmjs.org/fs-extra/-/fs-extra-10.1.0.tgz 4564ms (cache miss)
npm http fetch GET 200 https://registry.npmjs.org/iconv-lite/-/iconv-lite-0.6.3.tgz 4577ms (cache miss)
npm http fetch GET 200 https://registry.npmjs.org/iconv-lite/-/iconv-lite-0.6.3.tgz 4578ms (cache miss)
npm http fetch GET 200 https://registry.npmjs.org/fs-extra/-/fs-extra-11.4.1.tgz 4574ms (cache miss)
npm http fetch GET 200 https://registry.npmjs.org/postcss-selector-parser/-/postcss-selector-parser-6.1.4.tgz 4657ms (cache miss)
npm http fetch GET 200 https://registry.npmjs.org/fs-extra/-/fs-extra-9.1.0.tgz 4590ms (cache miss)
npm http fetch GET 200 https://registry.npmjs.org/fs-extra/-/fs-extra-9.1.0.tgz 4585ms (cache miss)
npm http fetch GET 200 https://registry.npmjs.org/fs-extra/-/fs-extra-8.1.0.tgz 4654ms (cache miss)
npm http fetch GET 200 https://registry.npmjs.org/builder-util-runtime/-/builder-util-runtime-9.2.10.tgz 4638ms (cache miss)
npm http fetch GET 200 https://registry.npmjs.org/@electron/universal/-/universal-2.0.1.tgz 4654ms (cache miss)
npm http fetch GET 200 https://registry.npmjs.org/foreground-child/-/foreground-child-3.3.1.tgz 4687ms (cache miss)
npm http fetch GET 200 https://registry.npmjs.org/dmg-builder 122ms (cache miss)
npm http fetch GET 200 https://registry.npmjs.org/xmlbuilder/-/xmlbuilder-15.1.1.tgz 4809ms (cache miss)
npm http fetch GET 200 https://registry.npmjs.org/electron-builder-squirrel-windows 193ms (cache miss)
npm http fetch GET 200 https://registry.npmjs.org/jake/-/jake-10.9.4.tgz 4787ms (cache miss)
npm http fetch GET 200 https://registry.npmjs.org/js-yaml/-/js-yaml-4.3.2.tgz 4799ms (cache miss)
npm http fetch GET 200 https://registry.npmjs.org/postcss/-/postcss-8.5.29.tgz 4820ms (cache miss)
npm http fetch GET 200 https://registry.npmjs.org/semver/-/semver-7.8.5.tgz 4758ms (cache miss)
npm http fetch GET 200 https://registry.npmjs.org/semver/-/semver-7.8.5.tgz 4757ms (cache miss)
npm http fetch GET 200 https://registry.npmjs.org/semver/-/semver-7.8.5.tgz 4762ms (cache miss)
npm http fetch GET 200 https://registry.npmjs.org/semver/-/semver-7.8.5.tgz 4761ms (cache miss)
npm http fetch GET 200 https://registry.npmjs.org/semver/-/semver-7.8.5.tgz 4754ms (cache miss)
npm http fetch GET 200 https://registry.npmjs.org/semver/-/semver-7.8.5.tgz 4763ms (cache miss)
npm http fetch GET 200 https://registry.npmjs.org/semver/-/semver-7.8.5.tgz 4757ms (cache miss)
npm http fetch GET 200 https://registry.npmjs.org/semver/-/semver-7.8.5.tgz 4755ms (cache miss)
npm http fetch GET 200 https://registry.npmjs.org/@jridgewell/trace-mapping/-/trace-mapping-0.3.31.tgz 4780ms (cache miss)
npm http fetch GET 200 https://registry.npmjs.org/crc/-/crc-3.8.0.tgz 4835ms (cache miss)
npm http fetch GET 200 https://registry.npmjs.org/rollup/-/rollup-4.64.3.tgz 4878ms (cache miss)
npm http fetch GET 200 https://registry.npmjs.org/@babel/generator/-/generator-7.29.8.tgz 4825ms (cache miss)
npm http fetch GET 200 https://registry.npmjs.org/electron-builder 300ms (cache miss)
npm http fetch GET 200 https://registry.npmjs.org/bluebird/-/bluebird-3.7.2.tgz 4883ms (cache miss)
npm http fetch GET 200 https://registry.npmjs.org/uri-js/-/uri-js-4.4.1.tgz 4953ms (cache miss)
npm http fetch GET 200 https://registry.npmjs.org/yargs/-/yargs-17.7.3.tgz 4957ms (cache miss)
npm http fetch GET 200 https://registry.npmjs.org/vite/-/vite-6.4.4.tgz 4964ms (cache miss)
npm http fetch GET 200 https://registry.npmjs.org/minimatch/-/minimatch-10.2.6.tgz 4951ms (cache miss)
npm http fetch GET 200 https://registry.npmjs.org/fast-glob/-/fast-glob-3.3.3.tgz 4940ms (cache miss)
npm http fetch GET 200 https://registry.npmjs.org/minimatch/-/minimatch-9.0.9.tgz 4899ms (cache miss)
npm http fetch GET 200 https://registry.npmjs.org/minimatch/-/minimatch-9.0.9.tgz 4904ms (cache miss)
npm http fetch GET 200 https://registry.npmjs.org/@electron/get/-/get-2.0.3.tgz 4920ms (cache miss)
npm http fetch GET 200 https://registry.npmjs.org/@electron/osx-sign/-/osx-sign-1.3.1.tgz 4935ms (cache miss)
npm http fetch GET 200 https://registry.npmjs.org/micromatch 52ms (cache miss)
npm http fetch GET 200 https://registry.npmjs.org/node-addon-api/-/node-addon-api-1.7.2.tgz 4938ms (cache miss)
npm http fetch GET 200 https://registry.npmjs.org/react-dom/-/react-dom-18.3.1.tgz 5004ms (cache miss)
npm http fetch GET 200 https://registry.npmjs.org/@electron/rebuild/-/rebuild-3.6.1.tgz 4948ms (cache miss)
npm http fetch GET 200 https://registry.npmjs.org/@types/node/-/node-20.19.43.tgz 4961ms (cache miss)
npm http fetch GET 200 https://registry.npmjs.org/chokidar 76ms (cache miss)
npm http fetch GET 200 https://registry.npmjs.org/got/-/got-11.8.6.tgz 5002ms (cache miss)
npm http fetch GET 200 https://registry.npmjs.org/global-agent/-/global-agent-3.0.0.tgz 5049ms (cache miss)
npm http fetch GET 200 https://registry.npmjs.org/glob/-/glob-10.5.0.tgz 5019ms (cache miss)
npm warn deprecated glob@10.5.0: Old versions of glob are not supported, and contain widely publicized security vulnerabilities, which have been fixed in the current version. Please update. Support for old versions may be purchased (at exorbitant rates) by contacting i@izs.me
npm http fetch GET 200 https://registry.npmjs.org/@babel/traverse/-/traverse-7.29.10.tgz 5040ms (cache miss)
npm http fetch GET 200 https://registry.npmjs.org/autoprefixer/-/autoprefixer-10.6.1.tgz 5173ms (cache miss)
npm http fetch GET 200 https://registry.npmjs.org/builder-util 186ms (cache miss)
npm http fetch GET 200 https://registry.npmjs.org/electron-publish 200ms (cache miss)
npm http fetch GET 200 https://registry.npmjs.org/pe-library/-/pe-library-0.4.1.tgz 5251ms (cache miss)
npm http fetch GET 200 https://registry.npmjs.org/async/-/async-3.2.6.tgz 5279ms (cache miss)
npm http fetch GET 200 https://registry.npmjs.org/resolve/-/resolve-1.22.13.tgz 5364ms (cache miss)
npm http fetch GET 200 https://registry.npmjs.org/ajv/-/ajv-6.15.0.tgz 5318ms (cache miss)
npm http fetch GET 200 https://registry.npmjs.org/postcss-nested 38ms (cache miss)
npm http fetch GET 200 https://registry.npmjs.org/@esbuild/win32-x64/-/win32-x64-0.25.12.tgz 5331ms (cache miss)
npm http fetch GET 200 https://registry.npmjs.org/7zip-bin/-/7zip-bin-5.2.0.tgz 5421ms (cache miss)
npm http fetch GET 200 https://registry.npmjs.org/tailwindcss 197ms (cache miss)
npm http fetch GET 200 https://registry.npmjs.org/@babel/core/-/core-7.29.7.tgz 5609ms (cache miss)
npm http fetch GET 200 https://registry.npmjs.org/node-gyp/-/node-gyp-9.4.1.tgz 5710ms (cache miss)
npm http fetch GET 200 https://registry.npmjs.org/roarr 45ms (cache miss)
npm http fetch GET 200 https://registry.npmjs.org/resedit/-/resedit-1.7.2.tgz 5787ms (cache miss)
npm http fetch GET 200 https://registry.npmjs.org/dir-compare/-/dir-compare-4.2.0.tgz 5755ms (cache miss)
npm http fetch GET 200 https://registry.npmjs.org/cacache 52ms (cache miss)
npm http fetch GET 200 https://registry.npmjs.org/node-gyp 54ms (cache miss)
npm http fetch GET 200 https://registry.npmjs.org/@babel/types/-/types-7.29.8.tgz 5820ms (cache miss)
npm http fetch GET 200 https://registry.npmjs.org/@electron%2frebuild 145ms (cache miss)
npm http fetch GET 200 https://registry.npmjs.org/sucrase/-/sucrase-3.35.1.tgz 6088ms (cache miss)
npm http fetch GET 200 https://registry.npmjs.org/@babel/helpers/-/helpers-7.29.10.tgz 6072ms (cache miss)
npm http fetch GET 200 https://registry.npmjs.org/fast-glob 120ms (cache miss)
npm http fetch GET 200 https://registry.npmjs.org/tailwindcss/-/tailwindcss-3.4.19.tgz 6347ms (cache miss)
npm http fetch GET 200 https://registry.npmjs.org/better-sqlite3/-/better-sqlite3-13.0.3.tgz 6898ms (cache miss)
npm http fetch GET 200 https://registry.npmjs.org/typescript/-/typescript-5.9.3.tgz 7208ms (cache miss)
npm http fetch GET 200 https://registry.npmjs.org/global-agent 48ms (cache miss)
npm http fetch GET 200 https://registry.npmjs.org/make-fetch-happen 62ms (cache miss)
npm http fetch GET 200 https://registry.npmjs.org/app-builder-lib/-/app-builder-lib-25.1.8.tgz 7399ms (cache miss)
npm http fetch GET 200 https://registry.npmjs.org/@electron%2fget 41ms (cache miss)
npm http fetch GET 200 https://registry.npmjs.org/lodash/-/lodash-4.18.1.tgz 7770ms (cache miss)
npm http fetch GET 200 https://registry.npmjs.org/caniuse-lite/-/caniuse-lite-1.0.30001815.tgz 8238ms (cache miss)
npm http fetch GET 200 https://registry.npmjs.org/app-builder-bin/-/app-builder-bin-5.0.0-alpha.10.tgz 8436ms (cache miss)
npm http fetch GET 200 https://registry.npmjs.org/lucide-react/-/lucide-react-0.475.0.tgz 10095ms (cache miss)

> better-sqlite3@13.0.3 install
> node-gyp rebuild

(node:6936) [DEP0060] DeprecationWarning: The `util._extend` API is deprecated. Please use Object.assign() instead.
(Use `node --trace-deprecation ...` to show where the warning was created)
gyp http GET https://nodejs.org/download/release/v22.23.3/node-v22.23.3-headers.tar.gz
gyp http 200 https://nodejs.org/download/release/v22.23.3/node-v22.23.3-headers.tar.gz
gyp http GET https://nodejs.org/download/release/v22.23.3/SHASUMS256.txt
gyp http GET https://nodejs.org/download/release/v22.23.3/win-x64/node.lib
gyp http 200 https://nodejs.org/download/release/v22.23.3/SHASUMS256.txt
gyp http 200 https://nodejs.org/download/release/v22.23.3/win-x64/node.lib


> electron@33.4.11 postinstall
> node install.js


> esbuild@0.25.12 postinstall
> node install.js


added 589 packages, and audited 590 packages in 1m

101 packages are looking for funding
  run `npm fund` for details

25 vulnerabilities (6 moderate, 18 high, 1 critical)

To address issues that do not require attention, run:
  npm audit fix

To address all issues (including breaking changes), run:
  npm audit fix --force

Run `npm audit` for details.
