SQLite native binary found at resources\app.asar.unpacked\node_modules\better-sqlite3\build\Release\better_sqlite3.node
PASS  GENESIS.exe present
PASS  resources/app.asar present
PASS  no bundled seed database folder
PASS  SQLite native binary unpacked (better_sqlite3.node or prebuilds/win32-x64.node)
PASS  app contains electron/main.cjs
PASS  app contains electron/preload.cjs
PASS  app contains electron/backend-manager.cjs
PASS  app contains electron/data-location.cjs
PASS  app contains server/index.js
PASS  app contains server/db.js
PASS  app contains server/auth.js
PASS  app contains server/routes/api.js
PASS  app contains dist/index.html
PASS  app contains package.json
PASS  app contains node_modules/express/package.json
PASS  app contains node_modules/better-sqlite3/package.json
PASS  app does not contain test code
PASS  app does not contain the Electron development package
PASS  app does not contain the packaging tool
PASS  app does not contain the build tool
PASS  app does not contain a bundled database with business data
PASS  app does not contain a bundled database seed folder
PASS  app does not contain database files (0 found)

Package verification passed.
